// Jest Snapshot v1, https://goo.gl/fbAQLP

exports[`Testing for <TaskComponent/> should show <TaskComponent/> properly 1`] = `
<div
  className="form-check ContainerTask"
>
  <input
    type="hidden"
    value={1}
  />
  <label
    className="form-check-label CheckBoxLabel "
    onClick={[Function]}
  >
    Task Description
  </label>
</div>
`;
